MySQL Shell 8.0.43

Copyright (c) 2016, 2025, Oracle and/or its affiliates.
Oracle is a registered trademark of Oracle Corporation and/or its affiliates.
Other names may be trademarks of their respective owners.

Type '\help' or '\?' for help; '\quit' to exit.
 MySQL  JS > \sql
Switching to SQL mode... Commands end with ;
 MySQL  SQL > \connect --mc root@localhost
Creating a Classic session to 'root@localhost'
Fetching global names for auto-completion... Press ^C to stop.
Your MySQL connection id is 8
Server version: 8.0.43 MySQL Community Server - GPL
No default schema selected; type \use <schema> to set one.
 MySQL  localhost:3306 ssl  SQL > show databases;
+--------------------+
| Database           |
+--------------------+
| information_schema |
| mysql              |
| performance_schema |
| prueba             |
| sakila             |
| sys                |
| tbd1               |
| world              |
+--------------------+
8 rows in set (0.0016 sec)
 MySQL  localhost:3306 ssl  SQL > use tbd1;
Default schema set to `tbd1`.
Fetching global names, object names from `tbd1` for auto-completion... Press ^C to stop.
 MySQL  localhost:3306 ssl  tbd1  SQL > show tables;
+----------------+
| Tables_in_tbd1 |
+----------------+
| persona        |
+----------------+
1 row in set (0.0024 sec)
 MySQL  localhost:3306 ssl  tbd1  SQL > desc persona;
+----------+-------------+------+-----+---------+-------+
| Field    | Type        | Null | Key | Default | Extra |
+----------+-------------+------+-----+---------+-------+
| id       | int         | YES  |     | NULL    |       |
| nombre   | varchar(50) | YES  |     | NULL    |       |
| apellido | varchar(50) | YES  |     | NULL    |       |
+----------+-------------+------+-----+---------+-------+
3 rows in set (0.0034 sec)
 MySQL  localhost:3306 ssl  tbd1  SQL > show create table persona;
+---------+-------------------------------------------------------------------------------------------------------------------------------------------------------------------------------------------------+
| Table   | Create Table
                                                        |
+---------+-------------------------------------------------------------------------------------------------------------------------------------------------------------------------------------------------+
| persona | CREATE TABLE `persona` (
  `id` int DEFAULT NULL,
  `nombre` varchar(50) DEFAULT NULL,
  `apellido` varchar(50) DEFAULT NULL
) ENGINE=InnoDB DEFAULT CHARSET=utf8mb4 COLLATE=utf8mb4_0900_ai_ci |
+---------+-------------------------------------------------------------------------------------------------------------------------------------------------------------------------------------------------+
1 row in set (0.0055 sec)
 MySQL  localhost:3306 ssl  tbd1  SQL > create table customers ( cust_id int, cust_name varchar(50), address varchar(100), phone varchar(15));
Query OK, 0 rows affected (0.0663 sec)
 MySQL  localhost:3306 ssl  tbd1  SQL > show tables;
+----------------+
| Tables_in_tbd1 |
+----------------+
| customers      |
| persona        |
+----------------+
2 rows in set (0.0019 sec)
 MySQL  localhost:3306 ssl  tbd1  SQL > desc customers;
+-----------+--------------+------+-----+---------+-------+
| Field     | Type         | Null | Key | Default | Extra |
+-----------+--------------+------+-----+---------+-------+
| cust_id   | int          | YES  |     | NULL    |       |
| cust_name | varchar(50)  | YES  |     | NULL    |       |
| address   | varchar(100) | YES  |     | NULL    |       |
| phone     | varchar(15)  | YES  |     | NULL    |       |
+-----------+--------------+------+-----+---------+-------+
4 rows in set (0.0023 sec)
 MySQL  localhost:3306 ssl  tbd1  SQL > drop table customers;
Query OK, 0 rows affected (0.0204 sec)
 MySQL  localhost:3306 ssl  tbd1  SQL > create table customer (cust_id int not null, cust_name varchar(50) not null, address varchar(100) null, phone varchar(15));
Query OK, 0 rows affected (0.0311 sec)
 MySQL  localhost:3306 ssl  tbd1  SQL > desc customer;
+-----------+--------------+------+-----+---------+-------+
| Field     | Type         | Null | Key | Default | Extra |
+-----------+--------------+------+-----+---------+-------+
| cust_id   | int          | NO   |     | NULL    |       |
| cust_name | varchar(50)  | NO   |     | NULL    |       |
| address   | varchar(100) | YES  |     | NULL    |       |
| phone     | varchar(15)  | YES  |     | NULL    |       |
+-----------+--------------+------+-----+---------+-------+
4 rows in set (0.0023 sec)
 MySQL  localhost:3306 ssl  tbd1  SQL > drop table customer;
Query OK, 0 rows affected (0.0177 sec)
 MySQL  localhost:3306 ssl  tbd1  SQL > create table customer(
                                     -> cust_id int not null auto_increment,
                                     -> cust_name varchar(50) not null,
                                     -> address varchar(100) null,
                                     -> phone varchar(15) null);
ERROR: 1075 (42000): Incorrect table definition; there can be only one auto column and it must be defined as a key
 MySQL  localhost:3306 ssl  tbd1  SQL > create table customer( cust_id int not null auto_increment key, cust_name varchar(50) not null, address varchar(100) null, phone varchar(15) null);
Query OK, 0 rows affected (0.0332 sec)
 MySQL  localhost:3306 ssl  tbd1  SQL > desc customer;
+-----------+--------------+------+-----+---------+----------------+
| Field     | Type         | Null | Key | Default | Extra          |
+-----------+--------------+------+-----+---------+----------------+
| cust_id   | int          | NO   | PRI | NULL    | auto_increment |
| cust_name | varchar(50)  | NO   |     | NULL    |                |
| address   | varchar(100) | YES  |     | NULL    |                |
| phone     | varchar(15)  | YES  |     | NULL    |                |
+-----------+--------------+------+-----+---------+----------------+
4 rows in set (0.0022 sec)
 MySQL  localhost:3306 ssl  tbd1  SQL > create table student( name varchar(50) not null, ssn varchar(15) not null key, home_phone varchar(15) null, address varchar(100) null, office_phone varchar(15) null, age int not null, gpa float(3,2) not null);
Query OK, 0 rows affected, 1 warning (0.0331 sec)
Warning (code 1681): Specifying number of digits for floating point data types is deprecated and will be removed in a future release.
 MySQL  localhost:3306 ssl  tbd1  SQL > desc student;
+--------------+--------------+------+-----+---------+-------+
| Field        | Type         | Null | Key | Default | Extra |
+--------------+--------------+------+-----+---------+-------+
| name         | varchar(50)  | NO   |     | NULL    |       |
| ssn          | varchar(15)  | NO   | PRI | NULL    |       |
| home_phone   | varchar(15)  | YES  |     | NULL    |       |
| address      | varchar(100) | YES  |     | NULL    |       |
| office_phone | varchar(15)  | YES  |     | NULL    |       |
| age          | int          | NO   |     | NULL    |       |
| gpa          | float(3,2)   | NO   |     | NULL    |       |
+--------------+--------------+------+-----+---------+-------+
7 rows in set (0.0023 sec)
 MySQL  localhost:3306 ssl  tbd1  SQL >